10minutemail.com
11cdn.org
1337x.to
1e100.net
37signals.com
4pda.to
9proxy.com
a-msedge.net
account-tiktok.com
addlive.io
adjust.com
adsbynimbus.com
aida64.com
akamai.net
akamaized.net
amazonaws.com
anthropic.com
anydesk.com
appcenter.ms
appspot.com
atomile.com
auth0.com
autocad.com
autodesk.ae
autodesk.be
autodesk.com
autodesk.eu
autodesk.net
autodesk360.com
azureedge.net
backblazeb2.com
basecamp.com
basecampapi.com
beeble.com
beeg.com
bestchange.net
bestchange.ru
bigsv.ru
bing.com
bingapis.com
booktracker.org
booktracker.work
browser-intake-datadoghq.com
byteimg.com
byteoversea.com
byteoversea.net
bytetcdn.com
canva-apps.com
canva.com
capcut.com
capcutapi.com
capcutapi.us
capcutcdn-us.com
capcutstatic.com
cdn-telegram.org
cdn32.lol
cdninstagram.com
cdntogo.net
chatgpt.com
chilipiper.com
clau.de
claude.ai
claude.app
claude.com
claude.new
claude.site
claudemcpclient.com
claudemcpcontent.com
claudepages.dev
claudestudio.com
claudeusercontent.com
clickup.com
cloudflareaccess.com
cloudfront.net
cloudfunctions.net
cloudinary.com
comments.app
contest.com
cursor-cdn.com
cursor.com
cursor.sh
cursorapi.com
cursorvm.com
cwer.ws
daramalive.life
datadoghq.com
datalore.io
deepl.com
deepseek.com
demand.supply
doramy.club
duolingo.com
dynect.net
elevenlabs.io
eu.org
externulls.com
f95zone.to
facebook.com
facebook.com.es
facebook.com.vn
facebook.fr
facebook.net
fast.com
fastly-edge.com
fastpic.org
fastpic.ru
fatsecret.com
fb.com
fb.me
fbcdn.com
fbcdn.net
fbsbx.com
feelinsonice.com
femeretes.org
filmitorrent.net
filmix.biz
filmix.fm
flibusta.is
flibusta.net
fmhy.lol
fmhy.net
fragment.com
freetp.org
ftscrt.com
garmin.com
gethornet.com
getsentry.net
github.com
githubcopilot.com
githubusercontent.com
google.com
googleapis.com
googleusercontent.com
gpt3-openai.com
grammarly.com
grammarly.io
graph.org
grazie.ai
grok.com
hdrezka.ac
hdrezka.ag
hdrezka.cm
hdrezka.la
hellonotion.com
hornet-live.com
hornet.com
hqporner.com
ibytedtos.com
ibyteimg.com
ieee.org
ig.me
insidehornet.com
instagram.com
intellij.com
intellij.net
intellij.org
intercom.io
intercomassets.com
intercomcdn.com
ipstatp.com
isnssdk.com
itch.io
itch.zone
jb.gg
jetbrains.ai
jetbrains.com
jetbrains.com.cn
jetbrains.dev
jetbrains.net
jetbrains.org
jetbrains.ru
jetbrains.space
jetbrains.team
kemono.cr
kilo.ai
kino.pub
kino.watch
kinobase.org
kinovod.net
kinovod.pro
kinozal.guru
kinozal.me
kinozal.tv
kotl.in
kotlinconf.com
kotlinlang.org
ktor.io
licdn.com
linkedin.com
linktr.ee
live.net
lostfilm.download
lostfilm.run
lostfilm.tv
lostfilm.win
make.com
medium.com
meetme.com
meetmecdna.com
messenger.com
meta.ai
meta.com
microsoft.com
microsoftapp.net
miro.com
mirostatic.com
modelcontextprotocol.com
modelcontextprotocol.io
modelcontextprotocol.net
modelcontextprotocol.org
mrakopedia.net
muscdn.com
musemuse.cn
musical.ly
myheritage.com
myheritage.ee
myjetbrains.com
naukimg.com
naukri.com
netflix.ca
netflix.com
netflix.com.au
netflix.net
netflixdnstest1.com
netflixdnstest10.com
netflixdnstest2.com
netflixdnstest3.com
netflixdnstest4.com
netflixdnstest5.com
netflixdnstest6.com
netflixdnstest7.com
netflixdnstest8.com
netflixdnstest9.com
netflixinvestor.com
netflixstudios.com
netflixtechblog.com
newstudio.tv
nflxext.com
nflximg.com
nflximg.net
nflxsearch.net
nflxso.net
nflxvideo.net
nnmclub.to
nnmstatic.win
notebook.google
notebooklm.google
notepad-plus-plus.org
notion-media.com
notion-static.com
notion.ai
notion.com
notion.dev
notion.site
notion.so
notionup.com
notionusercontent.com
oaistatic.com
oaiusercontent.com
onetrust.com
openai.com
openai.fund
openai.org
ovh.net
patreon.com
patreonusercontent.com
perplexity.ai
perplexity.com
phncdn.com
plab.site
pollo.ai
pornhub.com
pornolab.net
pplx.ai
prismic.io
proton.me
protonmail.com
proxy6.net
proxyline.net
pstatp.com
pubnubapi.com
qualtrics.com
quiz.directory
quora.com
quoracdn.net
rakuten.com
rdtcdn.com
reddxxx.com
redgifs.com
redtube.com
refactoring.guru
rezka.ag
rezka.my
rezkify.com
rocket-cdn.com
ru-board.com
rule34.xxx
rustorka.com
rutor.info
rutor.is
rutor.org
rutracker.cc
rutracker.net
rutracker.org
rutracker.ru
rutracker.wiki
rutrk.org
sankakucomplex.com
sc-cdn.net
sc-corp.net
sc-gw.com
sc-jpl.com
sc-prod.net
sc-static.net
seasonvar.ru
sentry-cdn.com
sentry.dev
sentry.io
serv01001.xyz
sgsnssdk.com
signal.art
signal.group
signal.link
signal.me
signal.org
signal.tube
snap-dev.net
snap.com
snapads.com
snapchat-com
snapchat.com
snapkit.com
snapmap.com
snapmap.org
snapmaps.com
softlayer.com
splunkcloud.com
statichdrezka.ac
stealth.si
strava.com
strem.io
stremio.com
stremio.net
stremio.one
strpst.com
t-ru.org
t.co
t.me
talkingkotlin.com
tdesktop.com
telega.one
telegra.ph
telegram-cdn.org
telegram.dog
telegram.me
telegram.org
telegram.space
telesco.pe
tfbnw.net
tg.dev
thefacebook.com
themoviedb.org
thepiratebay.org
tiktok.com
tiktokcdn-eu.com
tiktokcdn-in.com
tiktokcdn-us.com
tiktokcdn.com
tiktokd.org
tiktokglobalshop.com
tiktokv.com
tiktokv.eu
tiktokw.eu
tlivecdn.com
tmdb.org
todesktop.com
ton.org
torrent.by
torrindex.net
traffmovie.com
trainingpeaks.com
ttlivecdn.com
ttoversea.net
ttoverseaus.net
ttwstatic.com
tuta.com
tutanota.com
tweetdeck.com
twimg.com
twitter.com
tx.me
usercontent.dev
vbcdn.com
vbcdn.net
viber.co
viber.com
viber.me
voidboost.cc
voidboost.com
voidboost.in
voidboost.one
voidnetwork.cloud
wa.me
wdfiles.com
web-platform.io
whatsapp-plus.info
whatsapp-plus.me
whatsapp-plus.net
whatsapp.biz
whatsapp.cc
whatsapp.com
whatsapp.info
whatsapp.net
whatsapp.org
whatsapp.tv
whatsappbrand.com
whispersystems.org
whoop.com
wikiart.org
wikidot.com
withgoogle.com
wl.co
worldfcdn.com
worldfcdn2.com
wstracker.online
x.ai
x.com
xhamster.com
xhamsterlive.com
xhcdn.com
xnxx-cdn.com
xnxx-ru.com
xnxx.com
xv-ru.com
xvideos-cdn.com
xvideos.com
ysagin.top
zapier-deployment.com
zapier.com
zeflix.online
zello.com
zendesk.com
zet-flix.online
zetflix-online.lol
zetflix-online.skin
zetflix.app
zetimage.net
znanija.com